
ACET@DESKTOP-FEHCIC9 MINGW64 ~/Desktop/MSTP PYTHON (master)
$ git init                                                                                                              Reinitialized existing Git repository in C:/Users/ACET/Desktop/MSTP PYTHON/.git/

ACET@DESKTOP-FEHCIC9 MINGW64 ~/Desktop/MSTP PYTHON (master)
$ git config user.name "lahari"

ACET@DESKTOP-FEHCIC9 MINGW64 ~/Desktop/MSTP PYTHON (master)
$ git config user.email "lahariventrapragada1425@gmail.com"                                                             
ACET@DESKTOP-FEHCIC9 MINGW64 ~/Desktop/MSTP PYTHON (master)
$ git remote add "lal"
usage: git remote add [<options>] <name> <url>

    -f, --fetch           fetch the remote branches
    --tags                import all tags and associated objects when fetching
                          or do not fetch any tag at all (--no-tags)
    -t, --track <branch>  branch(es) to track
    -m, --master <branch>
                          master branch
    --mirror[=(push|fetch)]
                          set up remote as a mirror to push to or fetch from


ACET@DESKTOP-FEHCIC9 MINGW64 ~/Desktop/MSTP PYTHON (master)
$ git remote                                                                                                            lal

ACET@DESKTOP-FEHCIC9 MINGW64 ~/Desktop/MSTP PYTHON (master)
$ git status
On branch master

No commits yet

Untracked files:
  (use "git add <file>..." to include in what will be committed)
        .ipynb_checkpoints/
        05-02-2020.ipynb
        06-02-2020.ipynb
        10-02-2020.ipynb

nothing added to commit but untracked files present (use "git add" to track)

ACET@DESKTOP-FEHCIC9 MINGW64 ~/Desktop/MSTP PYTHON (master)
$ git pull lal master
remote: Enumerating objects: 3, done.
remote: Counting objects: 100% (3/3), done.
remote: Total 3 (delta 0), reused 0 (delta 0), pack-reused 0
Unpacking objects: 100% (3/3), 233 bytes | 2.00 KiB/s, done.
From https://github.com/lahariventrapragada/06-02-2020
 * branch            master     -> FETCH_HEAD
 * [new branch]      master     -> lal/master

ACET@DESKTOP-FEHCIC9 MINGW64 ~/Desktop/MSTP PYTHON (master)
$ git status
On branch master
Untracked files:
  (use "git add <file>..." to include in what will be committed)
        .ipynb_checkpoints/
        05-02-2020.ipynb
        06-02-2020.ipynb
        10-02-2020.ipynb

nothing added to commit but untracked files present (use "git add" to track)

ACET@DESKTOP-FEHCIC9 MINGW64 ~/Desktop/MSTP PYTHON (master)
$ git add 06-02-2020
fatal: pathspec '06-02-2020' did not match any files

ACET@DESKTOP-FEHCIC9 MINGW64 ~/Desktop/MSTP PYTHON (master)
$ git add 06-02-2020.ipynb
warning: LF will be replaced by CRLF in 06-02-2020.ipynb.
The file will have its original line endings in your working directory

ACET@DESKTOP-FEHCIC9 MINGW64 ~/Desktop/MSTP PYTHON (master)
$ git status
On branch master
Changes to be committed:
  (use "git restore --staged <file>..." to unstage)
        new file:   06-02-2020.ipynb

Untracked files:
  (use "git add <file>..." to include in what will be committed)
        .ipynb_checkpoints/
        05-02-2020.ipynb
        10-02-2020.ipynb


ACET@DESKTOP-FEHCIC9 MINGW64 ~/Desktop/MSTP PYTHON (master)
$ git commit -m "hi"
[master 734c190] hi
 1 file changed, 424 insertions(+)
 create mode 100644 06-02-2020.ipynb

ACET@DESKTOP-FEHCIC9 MINGW64 ~/Desktop/MSTP PYTHON (master)
$ git push -u lal master
Enumerating objects: 4, done.
Counting objects: 100% (4/4), done.
Delta compression using up to 4 threads
Compressing objects: 100% (3/3), done.
Writing objects: 100% (3/3), 2.30 KiB | 1.15 MiB/s, done.
Total 3 (delta 0), reused 0 (delta 0)
To https://github.com/lahariventrapragada/06-02-2020.git
   0d9c47b..734c190  master -> master
Branch 'master' set up to track remote branch 'master' from 'lal'.

ACET@DESKTOP-FEHCIC9 MINGW64 ~/Desktop/MSTP PYTHON (master)
$
